// Jest Snapshot v1, https://goo.gl/fbAQLP

exports[`ZtockHeader Component Renders the Default State 1`] = `
<div
  className="ZtockHeader"
/>
`;
